Archive member included because of file (symbol)

c:/program files (x86)/atmel/atmel toolchain/avr8 gcc/native/3.4.1061/avr8-gnu-toolchain/bin/../lib/gcc/avr/4.8.1/avr5\libgcc.a(_exit.o)
                              c:/program files (x86)/atmel/atmel toolchain/avr8 gcc/native/3.4.1061/avr8-gnu-toolchain/bin/../lib/gcc/avr/4.8.1/../../../../avr/lib/avr5/crtm32.o (exit)
c:/program files (x86)/atmel/atmel toolchain/avr8 gcc/native/3.4.1061/avr8-gnu-toolchain/bin/../lib/gcc/avr/4.8.1/avr5\libgcc.a(_tablejump.o)
                              inc/uart_tri_0.o (__tablejump2__)
c:/program files (x86)/atmel/atmel toolchain/avr8 gcc/native/3.4.1061/avr8-gnu-toolchain/bin/../lib/gcc/avr/4.8.1/avr5\libgcc.a(_copy_data.o)
                              inc/mfrc522.o (__do_copy_data)
c:/program files (x86)/atmel/atmel toolchain/avr8 gcc/native/3.4.1061/avr8-gnu-toolchain/bin/../lib/gcc/avr/4.8.1/avr5\libgcc.a(_clear_bss.o)
                              inc/Tribus.o (__do_clear_bss)
c:/program files (x86)/atmel/atmel toolchain/avr8 gcc/native/3.4.1061/avr8-gnu-toolchain/bin/../lib/gcc/avr/4.8.1/../../../../avr/lib/avr5\libc.a(eerd_block_atmega32.o)
                              inc/Tribus.o (__eerd_block_m32)
c:/program files (x86)/atmel/atmel toolchain/avr8 gcc/native/3.4.1061/avr8-gnu-toolchain/bin/../lib/gcc/avr/4.8.1/../../../../avr/lib/avr5\libc.a(eeupd_byte_atmega32.o)
                              inc/Tribus.o (__eeupd_byte_m32)
c:/program files (x86)/atmel/atmel toolchain/avr8 gcc/native/3.4.1061/avr8-gnu-toolchain/bin/../lib/gcc/avr/4.8.1/../../../../avr/lib/avr5\libc.a(eewr_block_atmega32.o)
                              inc/Tribus.o (__eewr_block_m32)
c:/program files (x86)/atmel/atmel toolchain/avr8 gcc/native/3.4.1061/avr8-gnu-toolchain/bin/../lib/gcc/avr/4.8.1/../../../../avr/lib/avr5\libc.a(eewr_byte_atmega32.o)
                              c:/program files (x86)/atmel/atmel toolchain/avr8 gcc/native/3.4.1061/avr8-gnu-toolchain/bin/../lib/gcc/avr/4.8.1/../../../../avr/lib/avr5\libc.a(eewr_block_atmega32.o) (__eewr_r18_m32)

Allocating common symbols
Common symbol       size              file

uart0_buf_tx        0x9               inc/uart_tri_0.o
uart0_buf_pac_rx    0x90              inc/uart_tri_0.o
TB_out              0x1               inc/Tribus.o
TB_param            0x1d              inc/Tribus.o
TB_Value            0x4               inc/Tribus.o
TB_bufOut           0x9               inc/Tribus.o
TB_gbparam          0x5               inc/Tribus.o
TB_inp              0x1               inc/Tribus.o
card_tipe           0x2               LIC_CV_01.o
uart0_buf_rx        0x10              inc/uart_tri_0.o
TB_AddrModule       0x1               inc/Tribus.o
TB_bufIn            0x9               inc/Tribus.o
uart0_buf_pac_tx    0x90              inc/uart_tri_0.o
addr_setting_in_eeprom
                    0x2               inc/Tribus.o
TB_AddrReply        0x1               inc/Tribus.o
str                 0x10              LIC_CV_01.o
status              0x1               LIC_CV_01.o
curr_id             0x5               LIC_CV_01.o

Discarded input sections

 .data          0x00000000        0x0 c:/program files (x86)/atmel/atmel toolchain/avr8 gcc/native/3.4.1061/avr8-gnu-toolchain/bin/../lib/gcc/avr/4.8.1/../../../../avr/lib/avr5/crtm32.o
 .bss           0x00000000        0x0 c:/program files (x86)/atmel/atmel toolchain/avr8 gcc/native/3.4.1061/avr8-gnu-toolchain/bin/../lib/gcc/avr/4.8.1/../../../../avr/lib/avr5/crtm32.o
 .text          0x00000000        0x0 inc/mfrc522.o
 .data          0x00000000        0x0 inc/mfrc522.o
 .bss           0x00000000        0x0 inc/mfrc522.o
 .text.mfrc522_get_version
                0x00000000        0x8 inc/mfrc522.o
 .text.mfrc522_write_block
                0x00000000       0xf4 inc/mfrc522.o
 .text.mfrc522_read_block
                0x00000000       0x72 inc/mfrc522.o
 .text.mfrc522_select_tag
                0x00000000       0x8e inc/mfrc522.o
 .data.keyB_default
                0x00000000        0x6 inc/mfrc522.o
 .text          0x00000000        0x0 inc/SPI.o
 .data          0x00000000        0x0 inc/SPI.o
 .bss           0x00000000        0x0 inc/SPI.o
 .text          0x00000000        0x0 inc/timer.o
 .data          0x00000000        0x0 inc/timer.o
 .bss           0x00000000        0x0 inc/timer.o
 .text          0x00000000        0x0 inc/Tribus.o
 .data          0x00000000        0x0 inc/Tribus.o
 .bss           0x00000000        0x0 inc/Tribus.o
 .text.TB_SetParam
                0x00000000       0x3a inc/Tribus.o
 .text.TB_SendAckOK
                0x00000000        0xe inc/Tribus.o
 .bss.TB_send_flag
                0x00000000        0x1 inc/Tribus.o
 .text          0x00000000        0x0 inc/uart_tri_0.o
 .data          0x00000000        0x0 inc/uart_tri_0.o
 .bss           0x00000000        0x0 inc/uart_tri_0.o
 .text.uart_pac_rx_empty
                0x00000000       0x10 inc/uart_tri_0.o
 .text.uart_pac_rx_size
                0x00000000        0xe inc/uart_tri_0.o
 .bss.uart0_tx_timeout
                0x00000000        0x1 inc/uart_tri_0.o
 .text          0x00000000        0x0 LIC_CV_01.o
 .data          0x00000000        0x0 LIC_CV_01.o
 .bss           0x00000000        0x0 LIC_CV_01.o
 .text          0x00000000        0x0 c:/program files (x86)/atmel/atmel toolchain/avr8 gcc/native/3.4.1061/avr8-gnu-toolchain/bin/../lib/gcc/avr/4.8.1/avr5\libgcc.a(_exit.o)
 .data          0x00000000        0x0 c:/program files (x86)/atmel/atmel toolchain/avr8 gcc/native/3.4.1061/avr8-gnu-toolchain/bin/../lib/gcc/avr/4.8.1/avr5\libgcc.a(_exit.o)
 .bss           0x00000000        0x0 c:/program files (x86)/atmel/atmel toolchain/avr8 gcc/native/3.4.1061/avr8-gnu-toolchain/bin/../lib/gcc/avr/4.8.1/avr5\libgcc.a(_exit.o)
 .text.libgcc.mul
                0x00000000        0x0 c:/program files (x86)/atmel/atmel toolchain/avr8 gcc/native/3.4.1061/avr8-gnu-toolchain/bin/../lib/gcc/avr/4.8.1/avr5\libgcc.a(_exit.o)
 .text.libgcc.div
                0x00000000        0x0 c:/program files (x86)/atmel/atmel toolchain/avr8 gcc/native/3.4.1061/avr8-gnu-toolchain/bin/../lib/gcc/avr/4.8.1/avr5\libgcc.a(_exit.o)
 .text.libgcc   0x00000000        0x0 c:/program files (x86)/atmel/atmel toolchain/avr8 gcc/native/3.4.1061/avr8-gnu-toolchain/bin/../lib/gcc/avr/4.8.1/avr5\libgcc.a(_exit.o)
 .text.libgcc.prologue
                0x00000000        0x0 c:/program files (x86)/atmel/atmel toolchain/avr8 gcc/native/3.4.1061/avr8-gnu-toolchain/bin/../lib/gcc/avr/4.8.1/avr5\libgcc.a(_exit.o)
 .text.libgcc.builtins
                0x00000000        0x0 c:/program files (x86)/atmel/atmel toolchain/avr8 gcc/native/3.4.1061/avr8-gnu-toolchain/bin/../lib/gcc/avr/4.8.1/avr5\libgcc.a(_exit.o)
 .text.libgcc.fmul
                0x00000000        0x0 c:/program files (x86)/atmel/atmel toolchain/avr8 gcc/native/3.4.1061/avr8-gnu-toolchain/bin/../lib/gcc/avr/4.8.1/avr5\libgcc.a(_exit.o)
 .text.libgcc.fixed
                0x00000000        0x0 c:/program files (x86)/atmel/atmel toolchain/avr8 gcc/native/3.4.1061/avr8-gnu-toolchain/bin/../lib/gcc/avr/4.8.1/avr5\libgcc.a(_exit.o)
 .text          0x00000000        0x0 c:/program files (x86)/atmel/atmel toolchain/avr8 gcc/native/3.4.1061/avr8-gnu-toolchain/bin/../lib/gcc/avr/4.8.1/avr5\libgcc.a(_tablejump.o)
 .data          0x00000000        0x0 c:/program files (x86)/atmel/atmel toolchain/avr8 gcc/native/3.4.1061/avr8-gnu-toolchain/bin/../lib/gcc/avr/4.8.1/avr5\libgcc.a(_tablejump.o)
 .bss           0x00000000        0x0 c:/program files (x86)/atmel/atmel toolchain/avr8 gcc/native/3.4.1061/avr8-gnu-toolchain/bin/../lib/gcc/avr/4.8.1/avr5\libgcc.a(_tablejump.o)
 .text.libgcc.mul
                0x00000000        0x0 c:/program files (x86)/atmel/atmel toolchain/avr8 gcc/native/3.4.1061/avr8-gnu-toolchain/bin/../lib/gcc/avr/4.8.1/avr5\libgcc.a(_tablejump.o)
 .text.libgcc.div
                0x00000000        0x0 c:/program files (x86)/atmel/atmel toolchain/avr8 gcc/native/3.4.1061/avr8-gnu-toolchain/bin/../lib/gcc/avr/4.8.1/avr5\libgcc.a(_tablejump.o)
 .text.libgcc.prologue
                0x00000000        0x0 c:/program files (x86)/atmel/atmel toolchain/avr8 gcc/native/3.4.1061/avr8-gnu-toolchain/bin/../lib/gcc/avr/4.8.1/avr5\libgcc.a(_tablejump.o)
 .text.libgcc.builtins
                0x00000000        0x0 c:/program files (x86)/atmel/atmel toolchain/avr8 gcc/native/3.4.1061/avr8-gnu-toolchain/bin/../lib/gcc/avr/4.8.1/avr5\libgcc.a(_tablejump.o)
 .text.libgcc.fmul
                0x00000000        0x0 c:/program files (x86)/atmel/atmel toolchain/avr8 gcc/native/3.4.1061/avr8-gnu-toolchain/bin/../lib/gcc/avr/4.8.1/avr5\libgcc.a(_tablejump.o)
 .text.libgcc.fixed
                0x00000000        0x0 c:/program files (x86)/atmel/atmel toolchain/avr8 gcc/native/3.4.1061/avr8-gnu-toolchain/bin/../lib/gcc/avr/4.8.1/avr5\libgcc.a(_tablejump.o)
 .text          0x00000000        0x0 c:/program files (x86)/atmel/atmel toolchain/avr8 gcc/native/3.4.1061/avr8-gnu-toolchain/bin/../lib/gcc/avr/4.8.1/avr5\libgcc.a(_copy_data.o)
 .data          0x00000000        0x0 c:/program files (x86)/atmel/atmel toolchain/avr8 gcc/native/3.4.1061/avr8-gnu-toolchain/bin/../lib/gcc/avr/4.8.1/avr5\libgcc.a(_copy_data.o)
 .bss           0x00000000        0x0 c:/program files (x86)/atmel/atmel toolchain/avr8 gcc/native/3.4.1061/avr8-gnu-toolchain/bin/../lib/gcc/avr/4.8.1/avr5\libgcc.a(_copy_data.o)
 .text.libgcc.mul
                0x00000000        0x0 c:/program files (x86)/atmel/atmel toolchain/avr8 gcc/native/3.4.1061/avr8-gnu-toolchain/bin/../lib/gcc/avr/4.8.1/avr5\libgcc.a(_copy_data.o)
 .text.libgcc.div
                0x00000000        0x0 c:/program files (x86)/atmel/atmel toolchain/avr8 gcc/native/3.4.1061/avr8-gnu-toolchain/bin/../lib/gcc/avr/4.8.1/avr5\libgcc.a(_copy_data.o)
 .text.libgcc   0x00000000        0x0 c:/program files (x86)/atmel/atmel toolchain/avr8 gcc/native/3.4.1061/avr8-gnu-toolchain/bin/../lib/gcc/avr/4.8.1/avr5\libgcc.a(_copy_data.o)
 .text.libgcc.prologue
                0x00000000        0x0 c:/program files (x86)/atmel/atmel toolchain/avr8 gcc/native/3.4.1061/avr8-gnu-toolchain/bin/../lib/gcc/avr/4.8.1/avr5\libgcc.a(_copy_data.o)
 .text.libgcc.builtins
                0x00000000        0x0 c:/program files (x86)/atmel/atmel toolchain/avr8 gcc/native/3.4.1061/avr8-gnu-toolchain/bin/../lib/gcc/avr/4.8.1/avr5\libgcc.a(_copy_data.o)
 .text.libgcc.fmul
                0x00000000        0x0 c:/program files (x86)/atmel/atmel toolchain/avr8 gcc/native/3.4.1061/avr8-gnu-toolchain/bin/../lib/gcc/avr/4.8.1/avr5\libgcc.a(_copy_data.o)
 .text.libgcc.fixed
                0x00000000        0x0 c:/program files (x86)/atmel/atmel toolchain/avr8 gcc/native/3.4.1061/avr8-gnu-toolchain/bin/../lib/gcc/avr/4.8.1/avr5\libgcc.a(_copy_data.o)
 .text          0x00000000        0x0 c:/program files (x86)/atmel/atmel toolchain/avr8 gcc/native/3.4.1061/avr8-gnu-toolchain/bin/../lib/gcc/avr/4.8.1/avr5\libgcc.a(_clear_bss.o)
 .data          0x00000000        0x0 c:/program files (x86)/atmel/atmel toolchain/avr8 gcc/native/3.4.1061/avr8-gnu-toolchain/bin/../lib/gcc/avr/4.8.1/avr5\libgcc.a(_clear_bss.o)
 .bss           0x00000000        0x0 c:/program files (x86)/atmel/atmel toolchain/avr8 gcc/native/3.4.1061/avr8-gnu-toolchain/bin/../lib/gcc/avr/4.8.1/avr5\libgcc.a(_clear_bss.o)
 .text.libgcc.mul
                0x00000000        0x0 c:/program files (x86)/atmel/atmel toolchain/avr8 gcc/native/3.4.1061/avr8-gnu-toolchain/bin/../lib/gcc/avr/4.8.1/avr5\libgcc.a(_clear_bss.o)
 .text.libgcc.div
                0x00000000        0x0 c:/program files (x86)/atmel/atmel toolchain/avr8 gcc/native/3.4.1061/avr8-gnu-toolchain/bin/../lib/gcc/avr/4.8.1/avr5\libgcc.a(_clear_bss.o)
 .text.libgcc   0x00000000        0x0 c:/program files (x86)/atmel/atmel toolchain/avr8 gcc/native/3.4.1061/avr8-gnu-toolchain/bin/../lib/gcc/avr/4.8.1/avr5\libgcc.a(_clear_bss.o)
 .text.libgcc.prologue
                0x00000000        0x0 c:/program files (x86)/atmel/atmel toolchain/avr8 gcc/native/3.4.1061/avr8-gnu-toolchain/bin/../lib/gcc/avr/4.8.1/avr5\libgcc.a(_clear_bss.o)
 .text.libgcc.builtins
                0x00000000        0x0 c:/program files (x86)/atmel/atmel toolchain/avr8 gcc/native/3.4.1061/avr8-gnu-toolchain/bin/../lib/gcc/avr/4.8.1/avr5\libgcc.a(_clear_bss.o)
 .text.libgcc.fmul
                0x00000000        0x0 c:/program files (x86)/atmel/atmel toolchain/avr8 gcc/native/3.4.1061/avr8-gnu-toolchain/bin/../lib/gcc/avr/4.8.1/avr5\libgcc.a(_clear_bss.o)
 .text.libgcc.fixed
                0x00000000        0x0 c:/program files (x86)/atmel/atmel toolchain/avr8 gcc/native/3.4.1061/avr8-gnu-toolchain/bin/../lib/gcc/avr/4.8.1/avr5\libgcc.a(_clear_bss.o)
 .text          0x00000000        0x0 c:/program files (x86)/atmel/atmel toolchain/avr8 gcc/native/3.4.1061/avr8-gnu-toolchain/bin/../lib/gcc/avr/4.8.1/../../../../avr/lib/avr5\libc.a(eerd_block_atmega32.o)
 .data          0x00000000        0x0 c:/program files (x86)/atmel/atmel toolchain/avr8 gcc/native/3.4.1061/avr8-gnu-toolchain/bin/../lib/gcc/avr/4.8.1/../../../../avr/lib/avr5\libc.a(eerd_block_atmega32.o)
 .bss           0x00000000        0x0 c:/program files (x86)/atmel/atmel toolchain/avr8 gcc/native/3.4.1061/avr8-gnu-toolchain/bin/../lib/gcc/avr/4.8.1/../../../../avr/lib/avr5\libc.a(eerd_block_atmega32.o)
 .text          0x00000000        0x0 c:/program files (x86)/atmel/atmel toolchain/avr8 gcc/native/3.4.1061/avr8-gnu-toolchain/bin/../lib/gcc/avr/4.8.1/../../../../avr/lib/avr5\libc.a(eeupd_byte_atmega32.o)
 .data          0x00000000        0x0 c:/program files (x86)/atmel/atmel toolchain/avr8 gcc/native/3.4.1061/avr8-gnu-toolchain/bin/../lib/gcc/avr/4.8.1/../../../../avr/lib/avr5\libc.a(eeupd_byte_atmega32.o)
 .bss           0x00000000        0x0 c:/program files (x86)/atmel/atmel toolchain/avr8 gcc/native/3.4.1061/avr8-gnu-toolchain/bin/../lib/gcc/avr/4.8.1/../../../../avr/lib/avr5\libc.a(eeupd_byte_atmega32.o)
 .text          0x00000000        0x0 c:/program files (x86)/atmel/atmel toolchain/avr8 gcc/native/3.4.1061/avr8-gnu-toolchain/bin/../lib/gcc/avr/4.8.1/../../../../avr/lib/avr5\libc.a(eewr_block_atmega32.o)
 .data          0x00000000        0x0 c:/program files (x86)/atmel/atmel toolchain/avr8 gcc/native/3.4.1061/avr8-gnu-toolchain/bin/../lib/gcc/avr/4.8.1/../../../../avr/lib/avr5\libc.a(eewr_block_atmega32.o)
 .bss           0x00000000        0x0 c:/program files (x86)/atmel/atmel toolchain/avr8 gcc/native/3.4.1061/avr8-gnu-toolchain/bin/../lib/gcc/avr/4.8.1/../../../../avr/lib/avr5\libc.a(eewr_block_atmega32.o)
 .text          0x00000000        0x0 c:/program files (x86)/atmel/atmel toolchain/avr8 gcc/native/3.4.1061/avr8-gnu-toolchain/bin/../lib/gcc/avr/4.8.1/../../../../avr/lib/avr5\libc.a(eewr_byte_atmega32.o)
 .data          0x00000000        0x0 c:/program files (x86)/atmel/atmel toolchain/avr8 gcc/native/3.4.1061/avr8-gnu-toolchain/bin/../lib/gcc/avr/4.8.1/../../../../avr/lib/avr5\libc.a(eewr_byte_atmega32.o)
 .bss           0x00000000        0x0 c:/program files (x86)/atmel/atmel toolchain/avr8 gcc/native/3.4.1061/avr8-gnu-toolchain/bin/../lib/gcc/avr/4.8.1/../../../../avr/lib/avr5\libc.a(eewr_byte_atmega32.o)

Memory Configuration

Name             Origin             Length             Attributes
text             0x00000000         0x00020000         xr
data             0x00800060         0x0000ffa0         rw !x
eeprom           0x00810000         0x00010000         rw !x
fuse             0x00820000         0x00000400         rw !x
lock             0x00830000         0x00000400         rw !x
signature        0x00840000         0x00000400         rw !x
user_signatures  0x00850000         0x00000400         rw !x
*default*        0x00000000         0xffffffff

Linker script and memory map

LOAD c:/program files (x86)/atmel/atmel toolchain/avr8 gcc/native/3.4.1061/avr8-gnu-toolchain/bin/../lib/gcc/avr/4.8.1/../../../../avr/lib/avr5/crtm32.o
LOAD inc/mfrc522.o
LOAD inc/SPI.o
LOAD inc/timer.o
LOAD inc/Tribus.o
LOAD inc/uart_tri_0.o
LOAD LIC_CV_01.o
START GROUP
LOAD c:/program files (x86)/atmel/atmel toolchain/avr8 gcc/native/3.4.1061/avr8-gnu-toolchain/bin/../lib/gcc/avr/4.8.1/../../../../avr/lib/avr5\libm.a
END GROUP
START GROUP
LOAD c:/program files (x86)/atmel/atmel toolchain/avr8 gcc/native/3.4.1061/avr8-gnu-toolchain/bin/../lib/gcc/avr/4.8.1/avr5\libgcc.a
LOAD c:/program files (x86)/atmel/atmel toolchain/avr8 gcc/native/3.4.1061/avr8-gnu-toolchain/bin/../lib/gcc/avr/4.8.1/../../../../avr/lib/avr5\libm.a
LOAD c:/program files (x86)/atmel/atmel toolchain/avr8 gcc/native/3.4.1061/avr8-gnu-toolchain/bin/../lib/gcc/avr/4.8.1/../../../../avr/lib/avr5\libc.a
END GROUP

.hash
 *(.hash)

.dynsym
 *(.dynsym)

.dynstr
 *(.dynstr)

.gnu.version
 *(.gnu.version)

.gnu.version_d
 *(.gnu.version_d)

.gnu.version_r
 *(.gnu.version_r)

.rel.init
 *(.rel.init)

.rela.init
 *(.rela.init)

.rel.text
 *(.rel.text)
 *(.rel.text.*)
 *(.rel.gnu.linkonce.t*)

.rela.text
 *(.rela.text)
 *(.rela.text.*)
 *(.rela.gnu.linkonce.t*)

.rel.fini
 *(.rel.fini)

.rela.fini
 *(.rela.fini)

.rel.rodata
 *(.rel.rodata)
 *(.rel.rodata.*)
 *(.rel.gnu.linkonce.r*)

.rela.rodata
 *(.rela.rodata)
 *(.rela.rodata.*)
 *(.rela.gnu.linkonce.r*)

.rel.data
 *(.rel.data)
 *(.rel.data.*)
 *(.rel.gnu.linkonce.d*)

.rela.data
 *(.rela.data)
 *(.rela.data.*)
 *(.rela.gnu.linkonce.d*)

.rel.ctors
 *(.rel.ctors)

.rela.ctors
 *(.rela.ctors)

.rel.dtors
 *(.rel.dtors)

.rela.dtors
 *(.rela.dtors)

.rel.got
 *(.rel.got)

.rela.got
 *(.rela.got)

.rel.bss
 *(.rel.bss)

.rela.bss
 *(.rela.bss)

.rel.plt
 *(.rel.plt)

.rela.plt
 *(.rela.plt)

.text           0x00000000     0x14e2
 *(.vectors)
 .vectors       0x00000000       0x54 c:/program files (x86)/atmel/atmel toolchain/avr8 gcc/native/3.4.1061/avr8-gnu-toolchain/bin/../lib/gcc/avr/4.8.1/../../../../avr/lib/avr5/crtm32.o
                0x00000000                __vector_default
                0x00000000                __vectors
 *(.vectors)
 *(.progmem.gcc*)
 .progmem.gcc_sw_table.uart0_set_baud
                0x00000054       0x16 inc/uart_tri_0.o
                0x0000006a                . = ALIGN (0x2)
                0x0000006a                __trampolines_start = .
 *(.trampolines)
 .trampolines   0x0000006a        0x0 linker stubs
 *(.trampolines*)
                0x0000006a                __trampolines_end = .
 *(.progmem*)
                0x0000006a                . = ALIGN (0x2)
 *(.jumptables)
 *(.jumptables*)
 *(.lowtext)
 *(.lowtext*)
                0x0000006a                __ctors_start = .
 *(.ctors)
                0x0000006a                __ctors_end = .
                0x0000006a                __dtors_start = .
 *(.dtors)
                0x0000006a                __dtors_end = .
 SORT(*)(.ctors)
 SORT(*)(.dtors)
 *(.init0)
 .init0         0x0000006a        0x0 c:/program files (x86)/atmel/atmel toolchain/avr8 gcc/native/3.4.1061/avr8-gnu-toolchain/bin/../lib/gcc/avr/4.8.1/../../../../avr/lib/avr5/crtm32.o
                0x0000006a                __init
 *(.init0)
 *(.init1)
 *(.init1)
 *(.init2)
 .init2         0x0000006a        0xc c:/program files (x86)/atmel/atmel toolchain/avr8 gcc/native/3.4.1061/avr8-gnu-toolchain/bin/../lib/gcc/avr/4.8.1/../../../../avr/lib/avr5/crtm32.o
 *(.init2)
 *(.init3)
 *(.init3)
 *(.init4)
 .init4         0x00000076       0x16 c:/program files (x86)/atmel/atmel toolchain/avr8 gcc/native/3.4.1061/avr8-gnu-toolchain/bin/../lib/gcc/avr/4.8.1/avr5\libgcc.a(_copy_data.o)
                0x00000076                __do_copy_data
 .init4         0x0000008c       0x10 c:/program files (x86)/atmel/atmel toolchain/avr8 gcc/native/3.4.1061/avr8-gnu-toolchain/bin/../lib/gcc/avr/4.8.1/avr5\libgcc.a(_clear_bss.o)
                0x0000008c                __do_clear_bss
 *(.init4)
 *(.init5)
 *(.init5)
 *(.init6)
 *(.init6)
 *(.init7)
 *(.init7)
 *(.init8)
 *(.init8)
 *(.init9)
 .init9         0x0000009c        0x8 c:/program files (x86)/atmel/atmel toolchain/avr8 gcc/native/3.4.1061/avr8-gnu-toolchain/bin/../lib/gcc/avr/4.8.1/../../../../avr/lib/avr5/crtm32.o
 *(.init9)
 *(.text)
 .text          0x000000a4        0x4 c:/program files (x86)/atmel/atmel toolchain/avr8 gcc/native/3.4.1061/avr8-gnu-toolchain/bin/../lib/gcc/avr/4.8.1/../../../../avr/lib/avr5/crtm32.o
                0x000000a4                __vector_1
                0x000000a4                __vector_12
                0x000000a4                __bad_interrupt
                0x000000a4                __vector_3
                0x000000a4                __vector_11
                0x000000a4                __vector_17
                0x000000a4                __vector_19
                0x000000a4                __vector_7
                0x000000a4                __vector_5
                0x000000a4                __vector_4
                0x000000a4                __vector_9
                0x000000a4                __vector_2
                0x000000a4                __vector_8
                0x000000a4                __vector_14
                0x000000a4                __vector_10
                0x000000a4                __vector_16
                0x000000a4                __vector_18
                0x000000a4                __vector_20
                0x000000a8                . = ALIGN (0x2)
 *(.text.*)
 .text.mfrc522_write
                0x000000a8       0x1a inc/mfrc522.o
                0x000000a8                mfrc522_write
 .text.mfrc522_read
                0x000000c2       0x16 inc/mfrc522.o
                0x000000c2                mfrc522_read
 .text.mfrc522_reset
                0x000000d8        0xa inc/mfrc522.o
                0x000000d8                mfrc522_reset
 .text.mfrc522_init
                0x000000e2       0x54 inc/mfrc522.o
                0x000000e2                mfrc522_init
 .text.mfrc522_to_card
                0x00000136      0x246 inc/mfrc522.o
                0x00000136                mfrc522_to_card
 .text.mfrc522_request
                0x0000037c       0x6a inc/mfrc522.o
                0x0000037c                mfrc522_request
 .text.mfrc522_get_card_serial
                0x000003e6       0x6c inc/mfrc522.o
                0x000003e6                mfrc522_get_card_serial
 .text.mfrc522_setBitMask
                0x00000452       0x1c inc/mfrc522.o
                0x00000452                mfrc522_setBitMask
 .text.mfrc522_clearBitMask
                0x0000046e       0x1e inc/mfrc522.o
                0x0000046e                mfrc522_clearBitMask
 .text.mfrc522_calculateCRC
                0x0000048c       0x82 inc/mfrc522.o
                0x0000048c                mfrc522_calculateCRC
 .text.mfrc522_halt
                0x0000050e       0x62 inc/mfrc522.o
                0x0000050e                mfrc522_halt
 .text.mfrc522_is_card
                0x00000570       0x5a inc/mfrc522.o
                0x00000570                mfrc522_is_card
 .text.mfrc522_auth
                0x000005ca       0x94 inc/mfrc522.o
                0x000005ca                mfrc522_auth
 .text.spi_init
                0x0000065e        0xa inc/SPI.o
                0x0000065e                spi_init
 .text.spi_transmit
                0x00000668        0xa inc/SPI.o
                0x00000668                spi_transmit
 .text.timer_init
                0x00000672       0x20 inc/timer.o
                0x00000672                timer_init
 .text.TB_Send  0x00000692       0x10 inc/Tribus.o
                0x00000692                TB_Send
 .text.TB_calcSum
                0x000006a2       0x1a inc/Tribus.o
                0x000006a2                TB_calcSum
 .text.TB_Init  0x000006bc       0x76 inc/Tribus.o
                0x000006bc                TB_Init
 .text.TB_SendAck
                0x00000732       0x36 inc/Tribus.o
                0x00000732                TB_SendAck
 .text.TB_Read  0x00000768       0x40 inc/Tribus.o
                0x00000768                TB_Read
 .text.TB_Decode
                0x000007a8      0x666 inc/Tribus.o
                0x000007a8                TB_Decode
 .text.TB_SendSerVzorku
                0x00000e0e       0x3a inc/Tribus.o
                0x00000e0e                TB_SendSerVzorku
 .text.uart_get_char
                0x00000e48       0x28 inc/uart_tri_0.o
                0x00000e48                uart_get_char
 .text.uart_receive_char
                0x00000e70       0x18 inc/uart_tri_0.o
                0x00000e70                uart_receive_char
 .text.uart_send_char
                0x00000e88       0x16 inc/uart_tri_0.o
                0x00000e88                uart_send_char
 .text.uart_send
                0x00000e9e       0x20 inc/uart_tri_0.o
                0x00000e9e                uart_send
 .text.uart_interrupt_rx
                0x00000ebe        0xc inc/uart_tri_0.o
                0x00000ebe                uart_interrupt_rx
 .text.uart_interrupt_tx
                0x00000eca        0xc inc/uart_tri_0.o
                0x00000eca                uart_interrupt_tx
 .text.__vector_13
                0x00000ed6       0x5c inc/uart_tri_0.o
                0x00000ed6                __vector_13
 .text.__vector_15
                0x00000f32       0x68 inc/uart_tri_0.o
                0x00000f32                __vector_15
 .text.uart0_init
                0x00000f9a       0x1c inc/uart_tri_0.o
                0x00000f9a                uart0_init
 .text.uart0_process
                0x00000fb6      0x122 inc/uart_tri_0.o
                0x00000fb6                uart0_process
 .text.uart0_ISR_timer
                0x000010d8       0x30 inc/uart_tri_0.o
                0x000010d8                uart0_ISR_timer
 .text.uart0_get_data_begin
                0x00001108       0x22 inc/uart_tri_0.o
                0x00001108                uart0_get_data_begin
 .text.uart0_get_data_end
                0x0000112a       0x26 inc/uart_tri_0.o
                0x0000112a                uart0_get_data_end
 .text.uart0_put_data
                0x00001150       0x56 inc/uart_tri_0.o
                0x00001150                uart0_put_data
 .text.uart0_set_baud
                0x000011a6       0x58 inc/uart_tri_0.o
                0x000011a6                uart0_set_baud
 .text.send_data
                0x000011fe        0xa LIC_CV_01.o
                0x000011fe                send_data
 .text.rc522_read_card_id
                0x00001208       0x66 LIC_CV_01.o
                0x00001208                rc522_read_card_id
 .text.__vector_6
                0x0000126e       0x1e LIC_CV_01.o
                0x0000126e                __vector_6
 .text.process_timer_100Hz
                0x0000128c       0x2a LIC_CV_01.o
                0x0000128c                process_timer_100Hz
 .text.try_receive_data
                0x000012b6      0x166 LIC_CV_01.o
                0x000012b6                try_receive_data
 .text.main     0x0000141c       0x46 LIC_CV_01.o
                0x0000141c                main
 .text.libgcc   0x00001462        0xc c:/program files (x86)/atmel/atmel toolchain/avr8 gcc/native/3.4.1061/avr8-gnu-toolchain/bin/../lib/gcc/avr/4.8.1/avr5\libgcc.a(_tablejump.o)
                0x00001462                __tablejump2__
                0x00001466                __tablejump__
 .text.avr-libc
                0x0000146e       0x20 c:/program files (x86)/atmel/atmel toolchain/avr8 gcc/native/3.4.1061/avr8-gnu-toolchain/bin/../lib/gcc/avr/4.8.1/../../../../avr/lib/avr5\libc.a(eerd_block_atmega32.o)
                0x0000146e                __eerd_block_m32
                0x00001472                __eerd_blraw_m32
 .text.avr-libc
                0x0000148e       0x22 c:/program files (x86)/atmel/atmel toolchain/avr8 gcc/native/3.4.1061/avr8-gnu-toolchain/bin/../lib/gcc/avr/4.8.1/../../../../avr/lib/avr5\libc.a(eeupd_byte_atmega32.o)
                0x0000148e                __eeupd_byte_m32
                0x00001490                __eeupd_r18_m32
 .text.avr-libc
                0x000014b0       0x14 c:/program files (x86)/atmel/atmel toolchain/avr8 gcc/native/3.4.1061/avr8-gnu-toolchain/bin/../lib/gcc/avr/4.8.1/../../../../avr/lib/avr5\libc.a(eewr_block_atmega32.o)
                0x000014b0                __eewr_block_m32
 .text.avr-libc
                0x000014c4       0x1a c:/program files (x86)/atmel/atmel toolchain/avr8 gcc/native/3.4.1061/avr8-gnu-toolchain/bin/../lib/gcc/avr/4.8.1/../../../../avr/lib/avr5\libc.a(eewr_byte_atmega32.o)
                0x000014c4                __eewr_byte_m32
                0x000014c6                __eewr_r18_m32
                0x000014de                . = ALIGN (0x2)
 *(.fini9)
 .fini9         0x000014de        0x0 c:/program files (x86)/atmel/atmel toolchain/avr8 gcc/native/3.4.1061/avr8-gnu-toolchain/bin/../lib/gcc/avr/4.8.1/avr5\libgcc.a(_exit.o)
                0x000014de                _exit
                0x000014de                exit
 *(.fini9)
 *(.fini8)
 *(.fini8)
 *(.fini7)
 *(.fini7)
 *(.fini6)
 *(.fini6)
 *(.fini5)
 *(.fini5)
 *(.fini4)
 *(.fini4)
 *(.fini3)
 *(.fini3)
 *(.fini2)
 *(.fini2)
 *(.fini1)
 *(.fini1)
 *(.fini0)
 .fini0         0x000014de        0x4 c:/program files (x86)/atmel/atmel toolchain/avr8 gcc/native/3.4.1061/avr8-gnu-toolchain/bin/../lib/gcc/avr/4.8.1/avr5\libgcc.a(_exit.o)
 *(.fini0)
                0x000014e2                _etext = .

.data           0x00800060        0x6 load address 0x000014e2
                0x00800060                PROVIDE (__data_start, .)
 *(.data)
 *(.data*)
 .data.keyA_default
                0x00800060        0x6 inc/mfrc522.o
                0x00800060                keyA_default
 *(.rodata)
 *(.rodata*)
 *(.gnu.linkonce.d*)
                0x00800066                . = ALIGN (0x2)
                0x00800066                _edata = .
                0x00800066                PROVIDE (__data_end, .)

.bss            0x00800066      0x1a0
                0x00800066                PROVIDE (__bss_start, .)
 *(.bss)
 *(.bss*)
 .bss.TB_Callback_setBaud
                0x00800066        0x2 inc/Tribus.o
                0x00800066                TB_Callback_setBaud
 .bss.TB_Callback_TX
                0x00800068        0x2 inc/Tribus.o
                0x00800068                TB_Callback_TX
 .bss.uart0_rx_timeout_flag.1610
                0x0080006a        0x1 inc/uart_tri_0.o
 .bss.uart0_flags
                0x0080006b        0x1 inc/uart_tri_0.o
                0x0080006b                uart0_flags
 .bss.uart0_status
                0x0080006c        0x1 inc/uart_tri_0.o
                0x0080006c                uart0_status
 .bss.uart0_rx_timeout
                0x0080006d        0x1 inc/uart_tri_0.o
                0x0080006d                uart0_rx_timeout
 .bss.uart0_buf_pac_rx_ptr_e
                0x0080006e        0x1 inc/uart_tri_0.o
                0x0080006e                uart0_buf_pac_rx_ptr_e
 .bss.uart0_buf_pac_rx_ptr_b
                0x0080006f        0x1 inc/uart_tri_0.o
                0x0080006f                uart0_buf_pac_rx_ptr_b
 .bss.uart0_buf_pac_tx_ptr_e
                0x00800070        0x1 inc/uart_tri_0.o
                0x00800070                uart0_buf_pac_tx_ptr_e
 .bss.uart0_buf_pac_tx_ptr_b
                0x00800071        0x1 inc/uart_tri_0.o
                0x00800071                uart0_buf_pac_tx_ptr_b
 .bss.uart0_buf_tx_ptr
                0x00800072        0x1 inc/uart_tri_0.o
                0x00800072                uart0_buf_tx_ptr
 .bss.uart0_buf_rx_ptr_e
                0x00800073        0x1 inc/uart_tri_0.o
                0x00800073                uart0_buf_rx_ptr_e
 .bss.uart0_buf_rx_ptr_b
                0x00800074        0x1 inc/uart_tri_0.o
                0x00800074                uart0_buf_rx_ptr_b
 .bss.led_timer
                0x00800075        0x1 LIC_CV_01.o
                0x00800075                led_timer
 .bss.timer0_flag
                0x00800076        0x1 LIC_CV_01.o
                0x00800076                timer0_flag
 *(COMMON)
 COMMON         0x00800077       0x3e inc/Tribus.o
                0x00800077                TB_out
                0x00800078                TB_param
                0x00800095                TB_Value
                0x00800099                TB_bufOut
                0x008000a2                TB_gbparam
                0x008000a7                TB_inp
                0x008000a8                TB_AddrModule
                0x008000a9                TB_bufIn
                0x008000b2                addr_setting_in_eeprom
                0x008000b4                TB_AddrReply
 COMMON         0x008000b5      0x139 inc/uart_tri_0.o
                0x008000b5                uart0_buf_tx
                0x008000be                uart0_buf_pac_rx
                0x0080014e                uart0_buf_rx
                0x0080015e                uart0_buf_pac_tx
 COMMON         0x008001ee       0x18 LIC_CV_01.o
                0x008001ee                card_tipe
                0x008001f0                str
                0x00800200                status
                0x00800201                curr_id
                0x00800206                PROVIDE (__bss_end, .)
                0x000014e2                __data_load_start = LOADADDR (.data)
                0x000014e8                __data_load_end = (__data_load_start + SIZEOF (.data))

.noinit         0x00800206        0x0
                0x00800206                PROVIDE (__noinit_start, .)
 *(.noinit*)
                0x00800206                PROVIDE (__noinit_end, .)
                0x00800206                _end = .
                0x00800206                PROVIDE (__heap_start, .)

.eeprom         0x00810000        0x0
 *(.eeprom*)
                0x00810000                __eeprom_end = .

.fuse
 *(.fuse)
 *(.lfuse)
 *(.hfuse)
 *(.efuse)

.lock
 *(.lock*)

.signature
 *(.signature*)

.user_signatures
 *(.user_signatures*)

.stab
 *(.stab)

.stabstr
 *(.stabstr)

.stab.excl
 *(.stab.excl)

.stab.exclstr
 *(.stab.exclstr)

.stab.index
 *(.stab.index)

.stab.indexstr
 *(.stab.indexstr)

.comment        0x00000000       0x30
 *(.comment)
 .comment       0x00000000       0x30 inc/mfrc522.o
                                 0x31 (size before relaxing)
 .comment       0x00000000       0x31 inc/SPI.o
 .comment       0x00000000       0x31 inc/timer.o
 .comment       0x00000000       0x31 inc/Tribus.o
 .comment       0x00000000       0x31 inc/uart_tri_0.o
 .comment       0x00000000       0x31 LIC_CV_01.o

.note.gnu.build-id
 *(.note.gnu.build-id)

.debug
 *(.debug)

.line
 *(.line)

.debug_srcinfo
 *(.debug_srcinfo)

.debug_sfnames
 *(.debug_sfnames)

.debug_aranges  0x00000000      0x230
 *(.debug_aranges)
 .debug_aranges
                0x00000000       0xa0 inc/mfrc522.o
 .debug_aranges
                0x000000a0       0x28 inc/SPI.o
 .debug_aranges
                0x000000c8       0x20 inc/timer.o
 .debug_aranges
                0x000000e8       0x60 inc/Tribus.o
 .debug_aranges
                0x00000148       0xa0 inc/uart_tri_0.o
 .debug_aranges
                0x000001e8       0x48 LIC_CV_01.o

.debug_pubnames
 *(.debug_pubnames)

.debug_info     0x00000000     0x29cb
 *(.debug_info .gnu.linkonce.wi.*)
 .debug_info    0x00000000      0xdc9 inc/mfrc522.o
 .debug_info    0x00000dc9       0xac inc/SPI.o
 .debug_info    0x00000e75       0x8e inc/timer.o
 .debug_info    0x00000f03      0xb9c inc/Tribus.o
 .debug_info    0x00001a9f      0x71f inc/uart_tri_0.o
 .debug_info    0x000021be      0x80d LIC_CV_01.o

.debug_abbrev   0x00000000      0xa04
 *(.debug_abbrev)
 .debug_abbrev  0x00000000      0x218 inc/mfrc522.o
 .debug_abbrev  0x00000218       0x78 inc/SPI.o
 .debug_abbrev  0x00000290       0x51 inc/timer.o
 .debug_abbrev  0x000002e1      0x22c inc/Tribus.o
 .debug_abbrev  0x0000050d      0x25d inc/uart_tri_0.o
 .debug_abbrev  0x0000076a      0x29a LIC_CV_01.o

.debug_line     0x00000000      0xd85
 *(.debug_line .debug_line.* .debug_line_end)
 .debug_line    0x00000000      0x2f8 inc/mfrc522.o
 .debug_line    0x000002f8       0xc3 inc/SPI.o
 .debug_line    0x000003bb       0xb4 inc/timer.o
 .debug_line    0x0000046f      0x42d inc/Tribus.o
 .debug_line    0x0000089c      0x29f inc/uart_tri_0.o
 .debug_line    0x00000b3b      0x24a LIC_CV_01.o

.debug_frame    0x00000000      0x6a4
 *(.debug_frame)
 .debug_frame   0x00000000      0x2c0 inc/mfrc522.o
 .debug_frame   0x000002c0       0x34 inc/SPI.o
 .debug_frame   0x000002f4       0x24 inc/timer.o
 .debug_frame   0x00000318       0xf4 inc/Tribus.o
 .debug_frame   0x0000040c      0x1e4 inc/uart_tri_0.o
 .debug_frame   0x000005f0       0xb4 LIC_CV_01.o

.debug_str      0x00000000      0x9bb
 *(.debug_str)
 .debug_str     0x00000000      0x381 inc/mfrc522.o
                                0x3c6 (size before relaxing)
 .debug_str     0x00000381       0x16 inc/SPI.o
                                0x163 (size before relaxing)
 .debug_str     0x00000397       0x1a inc/timer.o
                                0x15e (size before relaxing)
 .debug_str     0x000003b1      0x267 inc/Tribus.o
                                0x3aa (size before relaxing)
 .debug_str     0x00000618      0x2db inc/uart_tri_0.o
                                0x446 (size before relaxing)
 .debug_str     0x000008f3       0xc8 LIC_CV_01.o
                                0x3f8 (size before relaxing)

.debug_loc      0x00000000     0x1be8
 *(.debug_loc)
 .debug_loc     0x00000000      0xf15 inc/mfrc522.o
 .debug_loc     0x00000f15       0x1f inc/SPI.o
 .debug_loc     0x00000f34      0x45d inc/Tribus.o
 .debug_loc     0x00001391      0x592 inc/uart_tri_0.o
 .debug_loc     0x00001923      0x2c5 LIC_CV_01.o

.debug_macinfo
 *(.debug_macinfo)

.debug_weaknames
 *(.debug_weaknames)

.debug_funcnames
 *(.debug_funcnames)

.debug_typenames
 *(.debug_typenames)

.debug_varnames
 *(.debug_varnames)

.debug_pubtypes
 *(.debug_pubtypes)

.debug_ranges   0x00000000      0x1d0
 *(.debug_ranges)
 .debug_ranges  0x00000000       0x90 inc/mfrc522.o
 .debug_ranges  0x00000090       0x18 inc/SPI.o
 .debug_ranges  0x000000a8       0x10 inc/timer.o
 .debug_ranges  0x000000b8       0x50 inc/Tribus.o
 .debug_ranges  0x00000108       0x90 inc/uart_tri_0.o
 .debug_ranges  0x00000198       0x38 LIC_CV_01.o

.debug_macro
 *(.debug_macro)
OUTPUT(LIC_CV_01.elf elf32-avr)
LOAD linker stubs
