Archive member included because of file (symbol)

c:/program files (x86)/atmel/atmel toolchain/avr8 gcc/native/3.4.1061/avr8-gnu-toolchain/bin/../lib/gcc/avr/4.8.1/avr5\libgcc.a(_exit.o)
                              c:/program files (x86)/atmel/atmel toolchain/avr8 gcc/native/3.4.1061/avr8-gnu-toolchain/bin/../lib/gcc/avr/4.8.1/../../../../avr/lib/avr5/crtm32.o (exit)
c:/program files (x86)/atmel/atmel toolchain/avr8 gcc/native/3.4.1061/avr8-gnu-toolchain/bin/../lib/gcc/avr/4.8.1/avr5\libgcc.a(_tablejump.o)
                              inc/uart_tri_0.o (__tablejump2__)
c:/program files (x86)/atmel/atmel toolchain/avr8 gcc/native/3.4.1061/avr8-gnu-toolchain/bin/../lib/gcc/avr/4.8.1/avr5\libgcc.a(_copy_data.o)
                              inc/mfrc522.o (__do_copy_data)
c:/program files (x86)/atmel/atmel toolchain/avr8 gcc/native/3.4.1061/avr8-gnu-toolchain/bin/../lib/gcc/avr/4.8.1/avr5\libgcc.a(_clear_bss.o)
                              inc/Tribus.o (__do_clear_bss)
c:/program files (x86)/atmel/atmel toolchain/avr8 gcc/native/3.4.1061/avr8-gnu-toolchain/bin/../lib/gcc/avr/4.8.1/../../../../avr/lib/avr5\libc.a(eerd_block_atmega32.o)
                              inc/Tribus.o (__eerd_block_m32)
c:/program files (x86)/atmel/atmel toolchain/avr8 gcc/native/3.4.1061/avr8-gnu-toolchain/bin/../lib/gcc/avr/4.8.1/../../../../avr/lib/avr5\libc.a(eeupd_byte_atmega32.o)
                              inc/Tribus.o (__eeupd_byte_m32)
c:/program files (x86)/atmel/atmel toolchain/avr8 gcc/native/3.4.1061/avr8-gnu-toolchain/bin/../lib/gcc/avr/4.8.1/../../../../avr/lib/avr5\libc.a(eewr_block_atmega32.o)
                              inc/Tribus.o (__eewr_block_m32)
c:/program files (x86)/atmel/atmel toolchain/avr8 gcc/native/3.4.1061/avr8-gnu-toolchain/bin/../lib/gcc/avr/4.8.1/../../../../avr/lib/avr5\libc.a(eewr_byte_atmega32.o)
                              c:/program files (x86)/atmel/atmel toolchain/avr8 gcc/native/3.4.1061/avr8-gnu-toolchain/bin/../lib/gcc/avr/4.8.1/../../../../avr/lib/avr5\libc.a(eewr_block_atmega32.o) (__eewr_r18_m32)

Allocating common symbols
Common symbol       size              file

uart0_buf_tx        0x9               inc/uart_tri_0.o
uart0_buf_pac_rx    0x90              inc/uart_tri_0.o
TB_out              0x1               inc/Tribus.o
TB_param            0x1d              inc/Tribus.o
TB_Value            0x4               inc/Tribus.o
TB_bufOut           0x9               inc/Tribus.o
TB_gbparam          0x5               inc/Tribus.o
TB_inp              0x1               inc/Tribus.o
card_tipe           0x2               LIC_CV_01.o
uart0_buf_rx        0x10              inc/uart_tri_0.o
TB_AddrModule       0x1               inc/Tribus.o
TB_bufIn            0x9               inc/Tribus.o
uart0_buf_pac_tx    0x90              inc/uart_tri_0.o
addr_setting_in_eeprom
                    0x2               inc/Tribus.o
TB_AddrReply        0x1               inc/Tribus.o
str                 0x10              LIC_CV_01.o
status              0x1               LIC_CV_01.o
curr_id             0x5               LIC_CV_01.o

Discarded input sections

 .data          0x00000000        0x0 c:/program files (x86)/atmel/atmel toolchain/avr8 gcc/native/3.4.1061/avr8-gnu-toolchain/bin/../lib/gcc/avr/4.8.1/../../../../avr/lib/avr5/crtm32.o
 .bss           0x00000000        0x0 c:/program files (x86)/atmel/atmel toolchain/avr8 gcc/native/3.4.1061/avr8-gnu-toolchain/bin/../lib/gcc/avr/4.8.1/../../../../avr/lib/avr5/crtm32.o
 .text          0x00000000        0x0 inc/mfrc522.o
 .data          0x00000000        0x0 inc/mfrc522.o
 .bss           0x00000000        0x0 inc/mfrc522.o
 .text.mfrc522_setBitMask
                0x00000000       0x1c inc/mfrc522.o
 .text.mfrc522_clearBitMask
                0x00000000       0x1e inc/mfrc522.o
 .text.mfrc522_calculateCRC
                0x00000000       0x82 inc/mfrc522.o
 .text.mfrc522_halt
                0x00000000       0x62 inc/mfrc522.o
 .text.mfrc522_get_version
                0x00000000        0x8 inc/mfrc522.o
 .text.mfrc522_auth
                0x00000000       0x94 inc/mfrc522.o
 .text.mfrc522_write_block
                0x00000000       0xf4 inc/mfrc522.o
 .text.mfrc522_read_block
                0x00000000       0x72 inc/mfrc522.o
 .text.mfrc522_select_tag
                0x00000000       0x8e inc/mfrc522.o
 .data.keyB_default
                0x00000000        0x6 inc/mfrc522.o
 .data.keyA_default
                0x00000000        0x6 inc/mfrc522.o
 .text          0x00000000        0x0 inc/SPI.o
 .data          0x00000000        0x0 inc/SPI.o
 .bss           0x00000000        0x0 inc/SPI.o
 .text.SPI_SlaveInit
                0x00000000        0x8 inc/SPI.o
 .text.SPI_SlaveReceive
                0x00000000        0x8 inc/SPI.o
 .text          0x00000000        0x0 inc/timer.o
 .data          0x00000000        0x0 inc/timer.o
 .bss           0x00000000        0x0 inc/timer.o
 .text          0x00000000        0x0 inc/Tribus.o
 .data          0x00000000        0x0 inc/Tribus.o
 .bss           0x00000000        0x0 inc/Tribus.o
 .text.TB_SetParam
                0x00000000       0x3a inc/Tribus.o
 .text.TB_SendAckOK
                0x00000000        0xe inc/Tribus.o
 .bss.TB_send_flag
                0x00000000        0x1 inc/Tribus.o
 .text          0x00000000        0x0 inc/uart_tri_0.o
 .data          0x00000000        0x0 inc/uart_tri_0.o
 .bss           0x00000000        0x0 inc/uart_tri_0.o
 .text.uart_pac_rx_empty
                0x00000000       0x10 inc/uart_tri_0.o
 .text.uart_pac_rx_size
                0x00000000        0xe inc/uart_tri_0.o
 .bss.uart0_tx_timeout
                0x00000000        0x1 inc/uart_tri_0.o
 .text          0x00000000        0x0 LIC_CV_01.o
 .data          0x00000000        0x0 LIC_CV_01.o
 .bss           0x00000000        0x0 LIC_CV_01.o
 .text          0x00000000        0x0 c:/program files (x86)/atmel/atmel toolchain/avr8 gcc/native/3.4.1061/avr8-gnu-toolchain/bin/../lib/gcc/avr/4.8.1/avr5\libgcc.a(_exit.o)
 .data          0x00000000        0x0 c:/program files (x86)/atmel/atmel toolchain/avr8 gcc/native/3.4.1061/avr8-gnu-toolchain/bin/../lib/gcc/avr/4.8.1/avr5\libgcc.a(_exit.o)
 .bss           0x00000000        0x0 c:/program files (x86)/atmel/atmel toolchain/avr8 gcc/native/3.4.1061/avr8-gnu-toolchain/bin/../lib/gcc/avr/4.8.1/avr5\libgcc.a(_exit.o)
 .text.libgcc.mul
                0x00000000        0x0 c:/program files (x86)/atmel/atmel toolchain/avr8 gcc/native/3.4.1061/avr8-gnu-toolchain/bin/../lib/gcc/avr/4.8.1/avr5\libgcc.a(_exit.o)
 .text.libgcc.div
                0x00000000        0x0 c:/program files (x86)/atmel/atmel toolchain/avr8 gcc/native/3.4.1061/avr8-gnu-toolchain/bin/../lib/gcc/avr/4.8.1/avr5\libgcc.a(_exit.o)
 .text.libgcc   0x00000000        0x0 c:/program files (x86)/atmel/atmel toolchain/avr8 gcc/native/3.4.1061/avr8-gnu-toolchain/bin/../lib/gcc/avr/4.8.1/avr5\libgcc.a(_exit.o)
 .text.libgcc.prologue
                0x00000000        0x0 c:/program files (x86)/atmel/atmel toolchain/avr8 gcc/native/3.4.1061/avr8-gnu-toolchain/bin/../lib/gcc/avr/4.8.1/avr5\libgcc.a(_exit.o)
 .text.libgcc.builtins
                0x00000000        0x0 c:/program files (x86)/atmel/atmel toolchain/avr8 gcc/native/3.4.1061/avr8-gnu-toolchain/bin/../lib/gcc/avr/4.8.1/avr5\libgcc.a(_exit.o)
 .text.libgcc.fmul
                0x00000000        0x0 c:/program files (x86)/atmel/atmel toolchain/avr8 gcc/native/3.4.1061/avr8-gnu-toolchain/bin/../lib/gcc/avr/4.8.1/avr5\libgcc.a(_exit.o)
 .text.libgcc.fixed
                0x00000000        0x0 c:/program files (x86)/atmel/atmel toolchain/avr8 gcc/native/3.4.1061/avr8-gnu-toolchain/bin/../lib/gcc/avr/4.8.1/avr5\libgcc.a(_exit.o)
 .text          0x00000000        0x0 c:/program files (x86)/atmel/atmel toolchain/avr8 gcc/native/3.4.1061/avr8-gnu-toolchain/bin/../lib/gcc/avr/4.8.1/avr5\libgcc.a(_tablejump.o)
 .data          0x00000000        0x0 c:/program files (x86)/atmel/atmel toolchain/avr8 gcc/native/3.4.1061/avr8-gnu-toolchain/bin/../lib/gcc/avr/4.8.1/avr5\libgcc.a(_tablejump.o)
 .bss           0x00000000        0x0 c:/program files (x86)/atmel/atmel toolchain/avr8 gcc/native/3.4.1061/avr8-gnu-toolchain/bin/../lib/gcc/avr/4.8.1/avr5\libgcc.a(_tablejump.o)
 .text.libgcc.mul
                0x00000000        0x0 c:/program files (x86)/atmel/atmel toolchain/avr8 gcc/native/3.4.1061/avr8-gnu-toolchain/bin/../lib/gcc/avr/4.8.1/avr5\libgcc.a(_tablejump.o)
 .text.libgcc.div
                0x00000000        0x0 c:/program files (x86)/atmel/atmel toolchain/avr8 gcc/native/3.4.1061/avr8-gnu-toolchain/bin/../lib/gcc/avr/4.8.1/avr5\libgcc.a(_tablejump.o)
 .text.libgcc.prologue
                0x00000000        0x0 c:/program files (x86)/atmel/atmel toolchain/avr8 gcc/native/3.4.1061/avr8-gnu-toolchain/bin/../lib/gcc/avr/4.8.1/avr5\libgcc.a(_tablejump.o)
 .text.libgcc.builtins
                0x00000000        0x0 c:/program files (x86)/atmel/atmel toolchain/avr8 gcc/native/3.4.1061/avr8-gnu-toolchain/bin/../lib/gcc/avr/4.8.1/avr5\libgcc.a(_tablejump.o)
 .text.libgcc.fmul
                0x00000000        0x0 c:/program files (x86)/atmel/atmel toolchain/avr8 gcc/native/3.4.1061/avr8-gnu-toolchain/bin/../lib/gcc/avr/4.8.1/avr5\libgcc.a(_tablejump.o)
 .text.libgcc.fixed
                0x00000000        0x0 c:/program files (x86)/atmel/atmel toolchain/avr8 gcc/native/3.4.1061/avr8-gnu-toolchain/bin/../lib/gcc/avr/4.8.1/avr5\libgcc.a(_tablejump.o)
 .text          0x00000000        0x0 c:/program files (x86)/atmel/atmel toolchain/avr8 gcc/native/3.4.1061/avr8-gnu-toolchain/bin/../lib/gcc/avr/4.8.1/avr5\libgcc.a(_copy_data.o)
 .data          0x00000000        0x0 c:/program files (x86)/atmel/atmel toolchain/avr8 gcc/native/3.4.1061/avr8-gnu-toolchain/bin/../lib/gcc/avr/4.8.1/avr5\libgcc.a(_copy_data.o)
 .bss           0x00000000        0x0 c:/program files (x86)/atmel/atmel toolchain/avr8 gcc/native/3.4.1061/avr8-gnu-toolchain/bin/../lib/gcc/avr/4.8.1/avr5\libgcc.a(_copy_data.o)
 .text.libgcc.mul
                0x00000000        0x0 c:/program files (x86)/atmel/atmel toolchain/avr8 gcc/native/3.4.1061/avr8-gnu-toolchain/bin/../lib/gcc/avr/4.8.1/avr5\libgcc.a(_copy_data.o)
 .text.libgcc.div
                0x00000000        0x0 c:/program files (x86)/atmel/atmel toolchain/avr8 gcc/native/3.4.1061/avr8-gnu-toolchain/bin/../lib/gcc/avr/4.8.1/avr5\libgcc.a(_copy_data.o)
 .text.libgcc   0x00000000        0x0 c:/program files (x86)/atmel/atmel toolchain/avr8 gcc/native/3.4.1061/avr8-gnu-toolchain/bin/../lib/gcc/avr/4.8.1/avr5\libgcc.a(_copy_data.o)
 .text.libgcc.prologue
                0x00000000        0x0 c:/program files (x86)/atmel/atmel toolchain/avr8 gcc/native/3.4.1061/avr8-gnu-toolchain/bin/../lib/gcc/avr/4.8.1/avr5\libgcc.a(_copy_data.o)
 .text.libgcc.builtins
                0x00000000        0x0 c:/program files (x86)/atmel/atmel toolchain/avr8 gcc/native/3.4.1061/avr8-gnu-toolchain/bin/../lib/gcc/avr/4.8.1/avr5\libgcc.a(_copy_data.o)
 .text.libgcc.fmul
                0x00000000        0x0 c:/program files (x86)/atmel/atmel toolchain/avr8 gcc/native/3.4.1061/avr8-gnu-toolchain/bin/../lib/gcc/avr/4.8.1/avr5\libgcc.a(_copy_data.o)
 .text.libgcc.fixed
                0x00000000        0x0 c:/program files (x86)/atmel/atmel toolchain/avr8 gcc/native/3.4.1061/avr8-gnu-toolchain/bin/../lib/gcc/avr/4.8.1/avr5\libgcc.a(_copy_data.o)
 .text          0x00000000        0x0 c:/program files (x86)/atmel/atmel toolchain/avr8 gcc/native/3.4.1061/avr8-gnu-toolchain/bin/../lib/gcc/avr/4.8.1/avr5\libgcc.a(_clear_bss.o)
 .data          0x00000000        0x0 c:/program files (x86)/atmel/atmel toolchain/avr8 gcc/native/3.4.1061/avr8-gnu-toolchain/bin/../lib/gcc/avr/4.8.1/avr5\libgcc.a(_clear_bss.o)
 .bss           0x00000000        0x0 c:/program files (x86)/atmel/atmel toolchain/avr8 gcc/native/3.4.1061/avr8-gnu-toolchain/bin/../lib/gcc/avr/4.8.1/avr5\libgcc.a(_clear_bss.o)
 .text.libgcc.mul
                0x00000000        0x0 c:/program files (x86)/atmel/atmel toolchain/avr8 gcc/native/3.4.1061/avr8-gnu-toolchain/bin/../lib/gcc/avr/4.8.1/avr5\libgcc.a(_clear_bss.o)
 .text.libgcc.div
                0x00000000        0x0 c:/program files (x86)/atmel/atmel toolchain/avr8 gcc/native/3.4.1061/avr8-gnu-toolchain/bin/../lib/gcc/avr/4.8.1/avr5\libgcc.a(_clear_bss.o)
 .text.libgcc   0x00000000        0x0 c:/program files (x86)/atmel/atmel toolchain/avr8 gcc/native/3.4.1061/avr8-gnu-toolchain/bin/../lib/gcc/avr/4.8.1/avr5\libgcc.a(_clear_bss.o)
 .text.libgcc.prologue
                0x00000000        0x0 c:/program files (x86)/atmel/atmel toolchain/avr8 gcc/native/3.4.1061/avr8-gnu-toolchain/bin/../lib/gcc/avr/4.8.1/avr5\libgcc.a(_clear_bss.o)
 .text.libgcc.builtins
                0x00000000        0x0 c:/program files (x86)/atmel/atmel toolchain/avr8 gcc/native/3.4.1061/avr8-gnu-toolchain/bin/../lib/gcc/avr/4.8.1/avr5\libgcc.a(_clear_bss.o)
 .text.libgcc.fmul
                0x00000000        0x0 c:/program files (x86)/atmel/atmel toolchain/avr8 gcc/native/3.4.1061/avr8-gnu-toolchain/bin/../lib/gcc/avr/4.8.1/avr5\libgcc.a(_clear_bss.o)
 .text.libgcc.fixed
                0x00000000        0x0 c:/program files (x86)/atmel/atmel toolchain/avr8 gcc/native/3.4.1061/avr8-gnu-toolchain/bin/../lib/gcc/avr/4.8.1/avr5\libgcc.a(_clear_bss.o)
 .text          0x00000000        0x0 c:/program files (x86)/atmel/atmel toolchain/avr8 gcc/native/3.4.1061/avr8-gnu-toolchain/bin/../lib/gcc/avr/4.8.1/../../../../avr/lib/avr5\libc.a(eerd_block_atmega32.o)
 .data          0x00000000        0x0 c:/program files (x86)/atmel/atmel toolchain/avr8 gcc/native/3.4.1061/avr8-gnu-toolchain/bin/../lib/gcc/avr/4.8.1/../../../../avr/lib/avr5\libc.a(eerd_block_atmega32.o)
 .bss           0x00000000        0x0 c:/program files (x86)/atmel/atmel toolchain/avr8 gcc/native/3.4.1061/avr8-gnu-toolchain/bin/../lib/gcc/avr/4.8.1/../../../../avr/lib/avr5\libc.a(eerd_block_atmega32.o)
 .text          0x00000000        0x0 c:/program files (x86)/atmel/atmel toolchain/avr8 gcc/native/3.4.1061/avr8-gnu-toolchain/bin/../lib/gcc/avr/4.8.1/../../../../avr/lib/avr5\libc.a(eeupd_byte_atmega32.o)
 .data          0x00000000        0x0 c:/program files (x86)/atmel/atmel toolchain/avr8 gcc/native/3.4.1061/avr8-gnu-toolchain/bin/../lib/gcc/avr/4.8.1/../../../../avr/lib/avr5\libc.a(eeupd_byte_atmega32.o)
 .bss           0x00000000        0x0 c:/program files (x86)/atmel/atmel toolchain/avr8 gcc/native/3.4.1061/avr8-gnu-toolchain/bin/../lib/gcc/avr/4.8.1/../../../../avr/lib/avr5\libc.a(eeupd_byte_atmega32.o)
 .text          0x00000000        0x0 c:/program files (x86)/atmel/atmel toolchain/avr8 gcc/native/3.4.1061/avr8-gnu-toolchain/bin/../lib/gcc/avr/4.8.1/../../../../avr/lib/avr5\libc.a(eewr_block_atmega32.o)
 .data          0x00000000        0x0 c:/program files (x86)/atmel/atmel toolchain/avr8 gcc/native/3.4.1061/avr8-gnu-toolchain/bin/../lib/gcc/avr/4.8.1/../../../../avr/lib/avr5\libc.a(eewr_block_atmega32.o)
 .bss           0x00000000        0x0 c:/program files (x86)/atmel/atmel toolchain/avr8 gcc/native/3.4.1061/avr8-gnu-toolchain/bin/../lib/gcc/avr/4.8.1/../../../../avr/lib/avr5\libc.a(eewr_block_atmega32.o)
 .text          0x00000000        0x0 c:/program files (x86)/atmel/atmel toolchain/avr8 gcc/native/3.4.1061/avr8-gnu-toolchain/bin/../lib/gcc/avr/4.8.1/../../../../avr/lib/avr5\libc.a(eewr_byte_atmega32.o)
 .data          0x00000000        0x0 c:/program files (x86)/atmel/atmel toolchain/avr8 gcc/native/3.4.1061/avr8-gnu-toolchain/bin/../lib/gcc/avr/4.8.1/../../../../avr/lib/avr5\libc.a(eewr_byte_atmega32.o)
 .bss           0x00000000        0x0 c:/program files (x86)/atmel/atmel toolchain/avr8 gcc/native/3.4.1061/avr8-gnu-toolchain/bin/../lib/gcc/avr/4.8.1/../../../../avr/lib/avr5\libc.a(eewr_byte_atmega32.o)

Memory Configuration

Name             Origin             Length             Attributes
text             0x00000000         0x00020000         xr
data             0x00800060         0x0000ffa0         rw !x
eeprom           0x00810000         0x00010000         rw !x
fuse             0x00820000         0x00000400         rw !x
lock             0x00830000         0x00000400         rw !x
signature        0x00840000         0x00000400         rw !x
user_signatures  0x00850000         0x00000400         rw !x
*default*        0x00000000         0xffffffff

Linker script and memory map

LOAD c:/program files (x86)/atmel/atmel toolchain/avr8 gcc/native/3.4.1061/avr8-gnu-toolchain/bin/../lib/gcc/avr/4.8.1/../../../../avr/lib/avr5/crtm32.o
LOAD inc/mfrc522.o
LOAD inc/SPI.o
LOAD inc/timer.o
LOAD inc/Tribus.o
LOAD inc/uart_tri_0.o
LOAD LIC_CV_01.o
START GROUP
LOAD c:/program files (x86)/atmel/atmel toolchain/avr8 gcc/native/3.4.1061/avr8-gnu-toolchain/bin/../lib/gcc/avr/4.8.1/../../../../avr/lib/avr5\libm.a
END GROUP
START GROUP
LOAD c:/program files (x86)/atmel/atmel toolchain/avr8 gcc/native/3.4.1061/avr8-gnu-toolchain/bin/../lib/gcc/avr/4.8.1/avr5\libgcc.a
LOAD c:/program files (x86)/atmel/atmel toolchain/avr8 gcc/native/3.4.1061/avr8-gnu-toolchain/bin/../lib/gcc/avr/4.8.1/../../../../avr/lib/avr5\libm.a
LOAD c:/program files (x86)/atmel/atmel toolchain/avr8 gcc/native/3.4.1061/avr8-gnu-toolchain/bin/../lib/gcc/avr/4.8.1/../../../../avr/lib/avr5\libc.a
END GROUP

.hash
 *(.hash)

.dynsym
 *(.dynsym)

.dynstr
 *(.dynstr)

.gnu.version
 *(.gnu.version)

.gnu.version_d
 *(.gnu.version_d)

.gnu.version_r
 *(.gnu.version_r)

.rel.init
 *(.rel.init)

.rela.init
 *(.rela.init)

.rel.text
 *(.rel.text)
 *(.rel.text.*)
 *(.rel.gnu.linkonce.t*)

.rela.text
 *(.rela.text)
 *(.rela.text.*)
 *(.rela.gnu.linkonce.t*)

.rel.fini
 *(.rel.fini)

.rela.fini
 *(.rela.fini)

.rel.rodata
 *(.rel.rodata)
 *(.rel.rodata.*)
 *(.rel.gnu.linkonce.r*)

.rela.rodata
 *(.rela.rodata)
 *(.rela.rodata.*)
 *(.rela.gnu.linkonce.r*)

.rel.data
 *(.rel.data)
 *(.rel.data.*)
 *(.rel.gnu.linkonce.d*)

.rela.data
 *(.rela.data)
 *(.rela.data.*)
 *(.rela.gnu.linkonce.d*)

.rel.ctors
 *(.rel.ctors)

.rela.ctors
 *(.rela.ctors)

.rel.dtors
 *(.rel.dtors)

.rela.dtors
 *(.rela.dtors)

.rel.got
 *(.rel.got)

.rela.got
 *(.rela.got)

.rel.bss
 *(.rel.bss)

.rela.bss
 *(.rela.bss)

.rel.plt
 *(.rel.plt)

.rela.plt
 *(.rela.plt)

.text           0x00000000     0x124e
 *(.vectors)
 .vectors       0x00000000       0x54 c:/program files (x86)/atmel/atmel toolchain/avr8 gcc/native/3.4.1061/avr8-gnu-toolchain/bin/../lib/gcc/avr/4.8.1/../../../../avr/lib/avr5/crtm32.o
                0x00000000                __vector_default
                0x00000000                __vectors
 *(.vectors)
 *(.progmem.gcc*)
 .progmem.gcc_sw_table.uart0_set_baud
                0x00000054       0x16 inc/uart_tri_0.o
                0x0000006a                . = ALIGN (0x2)
                0x0000006a                __trampolines_start = .
 *(.trampolines)
 .trampolines   0x0000006a        0x0 linker stubs
 *(.trampolines*)
                0x0000006a                __trampolines_end = .
 *(.progmem*)
                0x0000006a                . = ALIGN (0x2)
 *(.jumptables)
 *(.jumptables*)
 *(.lowtext)
 *(.lowtext*)
                0x0000006a                __ctors_start = .
 *(.ctors)
                0x0000006a                __ctors_end = .
                0x0000006a                __dtors_start = .
 *(.dtors)
                0x0000006a                __dtors_end = .
 SORT(*)(.ctors)
 SORT(*)(.dtors)
 *(.init0)
 .init0         0x0000006a        0x0 c:/program files (x86)/atmel/atmel toolchain/avr8 gcc/native/3.4.1061/avr8-gnu-toolchain/bin/../lib/gcc/avr/4.8.1/../../../../avr/lib/avr5/crtm32.o
                0x0000006a                __init
 *(.init0)
 *(.init1)
 *(.init1)
 *(.init2)
 .init2         0x0000006a        0xc c:/program files (x86)/atmel/atmel toolchain/avr8 gcc/native/3.4.1061/avr8-gnu-toolchain/bin/../lib/gcc/avr/4.8.1/../../../../avr/lib/avr5/crtm32.o
 *(.init2)
 *(.init3)
 *(.init3)
 *(.init4)
 .init4         0x00000076       0x16 c:/program files (x86)/atmel/atmel toolchain/avr8 gcc/native/3.4.1061/avr8-gnu-toolchain/bin/../lib/gcc/avr/4.8.1/avr5\libgcc.a(_copy_data.o)
                0x00000076                __do_copy_data
 .init4         0x0000008c       0x10 c:/program files (x86)/atmel/atmel toolchain/avr8 gcc/native/3.4.1061/avr8-gnu-toolchain/bin/../lib/gcc/avr/4.8.1/avr5\libgcc.a(_clear_bss.o)
                0x0000008c                __do_clear_bss
 *(.init4)
 *(.init5)
 *(.init5)
 *(.init6)
 *(.init6)
 *(.init7)
 *(.init7)
 *(.init8)
 *(.init8)
 *(.init9)
 .init9         0x0000009c        0x8 c:/program files (x86)/atmel/atmel toolchain/avr8 gcc/native/3.4.1061/avr8-gnu-toolchain/bin/../lib/gcc/avr/4.8.1/../../../../avr/lib/avr5/crtm32.o
 *(.init9)
 *(.text)
 .text          0x000000a4        0x4 c:/program files (x86)/atmel/atmel toolchain/avr8 gcc/native/3.4.1061/avr8-gnu-toolchain/bin/../lib/gcc/avr/4.8.1/../../../../avr/lib/avr5/crtm32.o
                0x000000a4                __vector_1
                0x000000a4                __vector_12
                0x000000a4                __bad_interrupt
                0x000000a4                __vector_3
                0x000000a4                __vector_11
                0x000000a4                __vector_17
                0x000000a4                __vector_19
                0x000000a4                __vector_7
                0x000000a4                __vector_5
                0x000000a4                __vector_4
                0x000000a4                __vector_9
                0x000000a4                __vector_2
                0x000000a4                __vector_8
                0x000000a4                __vector_14
                0x000000a4                __vector_10
                0x000000a4                __vector_16
                0x000000a4                __vector_18
                0x000000a4                __vector_20
                0x000000a8                . = ALIGN (0x2)
 *(.text.*)
 .text.mfrc522_write
                0x000000a8       0x1a inc/mfrc522.o
                0x000000a8                mfrc522_write
 .text.mfrc522_read
                0x000000c2       0x16 inc/mfrc522.o
                0x000000c2                mfrc522_read
 .text.mfrc522_reset
                0x000000d8        0xa inc/mfrc522.o
                0x000000d8                mfrc522_reset
 .text.mfrc522_init
                0x000000e2       0x4c inc/mfrc522.o
                0x000000e2                mfrc522_init
 .text.mfrc522_to_card
                0x0000012e      0x246 inc/mfrc522.o
                0x0000012e                mfrc522_to_card
 .text.mfrc522_request
                0x00000374       0x6a inc/mfrc522.o
                0x00000374                mfrc522_request
 .text.mfrc522_get_card_serial
                0x000003de       0x6c inc/mfrc522.o
                0x000003de                mfrc522_get_card_serial
 .text.mfrc522_is_card
                0x0000044a       0x5a inc/mfrc522.o
                0x0000044a                mfrc522_is_card
 .text.SPI_MasterInit
                0x000004a4        0xa inc/SPI.o
                0x000004a4                SPI_MasterInit
 .text.SPI_MasterTransmit
                0x000004ae        0xa inc/SPI.o
                0x000004ae                SPI_MasterTransmit
 .text.timer_init
                0x000004b8       0x20 inc/timer.o
                0x000004b8                timer_init
 .text.TB_Send  0x000004d8       0x10 inc/Tribus.o
                0x000004d8                TB_Send
 .text.TB_calcSum
                0x000004e8       0x1a inc/Tribus.o
                0x000004e8                TB_calcSum
 .text.TB_Init  0x00000502       0x76 inc/Tribus.o
                0x00000502                TB_Init
 .text.TB_SendAck
                0x00000578       0x36 inc/Tribus.o
                0x00000578                TB_SendAck
 .text.TB_Read  0x000005ae       0x40 inc/Tribus.o
                0x000005ae                TB_Read
 .text.TB_Decode
                0x000005ee      0x666 inc/Tribus.o
                0x000005ee                TB_Decode
 .text.TB_SendSerVzorku
                0x00000c54       0x3a inc/Tribus.o
                0x00000c54                TB_SendSerVzorku
 .text.uart_get_char
                0x00000c8e       0x28 inc/uart_tri_0.o
                0x00000c8e                uart_get_char
 .text.uart_receive_char
                0x00000cb6       0x18 inc/uart_tri_0.o
                0x00000cb6                uart_receive_char
 .text.uart_send_char
                0x00000cce       0x16 inc/uart_tri_0.o
                0x00000cce                uart_send_char
 .text.uart_send
                0x00000ce4       0x20 inc/uart_tri_0.o
                0x00000ce4                uart_send
 .text.uart_interrupt_rx
                0x00000d04        0xc inc/uart_tri_0.o
                0x00000d04                uart_interrupt_rx
 .text.uart_interrupt_tx
                0x00000d10        0xc inc/uart_tri_0.o
                0x00000d10                uart_interrupt_tx
 .text.__vector_13
                0x00000d1c       0x5c inc/uart_tri_0.o
                0x00000d1c                __vector_13
 .text.__vector_15
                0x00000d78       0x68 inc/uart_tri_0.o
                0x00000d78                __vector_15
 .text.uart0_init
                0x00000de0       0x1c inc/uart_tri_0.o
                0x00000de0                uart0_init
 .text.uart0_process
                0x00000dfc      0x122 inc/uart_tri_0.o
                0x00000dfc                uart0_process
 .text.uart0_ISR_timer
                0x00000f1e       0x30 inc/uart_tri_0.o
                0x00000f1e                uart0_ISR_timer
 .text.uart0_get_data_begin
                0x00000f4e       0x22 inc/uart_tri_0.o
                0x00000f4e                uart0_get_data_begin
 .text.uart0_get_data_end
                0x00000f70       0x26 inc/uart_tri_0.o
                0x00000f70                uart0_get_data_end
 .text.uart0_put_data
                0x00000f96       0x56 inc/uart_tri_0.o
                0x00000f96                uart0_put_data
 .text.uart0_set_baud
                0x00000fec       0x58 inc/uart_tri_0.o
                0x00000fec                uart0_set_baud
 .text.send_data
                0x00001044        0xa LIC_CV_01.o
                0x00001044                send_data
 .text.rc522_read_card_id
                0x0000104e       0x66 LIC_CV_01.o
                0x0000104e                rc522_read_card_id
 .text.__vector_6
                0x000010b4       0x1e LIC_CV_01.o
                0x000010b4                __vector_6
 .text.process_timer_100Hz
                0x000010d2       0x2c LIC_CV_01.o
                0x000010d2                process_timer_100Hz
 .text.try_receive_data
                0x000010fe       0x90 LIC_CV_01.o
                0x000010fe                try_receive_data
 .text.main     0x0000118e       0x40 LIC_CV_01.o
                0x0000118e                main
 .text.libgcc   0x000011ce        0xc c:/program files (x86)/atmel/atmel toolchain/avr8 gcc/native/3.4.1061/avr8-gnu-toolchain/bin/../lib/gcc/avr/4.8.1/avr5\libgcc.a(_tablejump.o)
                0x000011ce                __tablejump2__
                0x000011d2                __tablejump__
 .text.avr-libc
                0x000011da       0x20 c:/program files (x86)/atmel/atmel toolchain/avr8 gcc/native/3.4.1061/avr8-gnu-toolchain/bin/../lib/gcc/avr/4.8.1/../../../../avr/lib/avr5\libc.a(eerd_block_atmega32.o)
                0x000011da                __eerd_block_m32
                0x000011de                __eerd_blraw_m32
 .text.avr-libc
                0x000011fa       0x22 c:/program files (x86)/atmel/atmel toolchain/avr8 gcc/native/3.4.1061/avr8-gnu-toolchain/bin/../lib/gcc/avr/4.8.1/../../../../avr/lib/avr5\libc.a(eeupd_byte_atmega32.o)
                0x000011fa                __eeupd_byte_m32
                0x000011fc                __eeupd_r18_m32
 .text.avr-libc
                0x0000121c       0x14 c:/program files (x86)/atmel/atmel toolchain/avr8 gcc/native/3.4.1061/avr8-gnu-toolchain/bin/../lib/gcc/avr/4.8.1/../../../../avr/lib/avr5\libc.a(eewr_block_atmega32.o)
                0x0000121c                __eewr_block_m32
 .text.avr-libc
                0x00001230       0x1a c:/program files (x86)/atmel/atmel toolchain/avr8 gcc/native/3.4.1061/avr8-gnu-toolchain/bin/../lib/gcc/avr/4.8.1/../../../../avr/lib/avr5\libc.a(eewr_byte_atmega32.o)
                0x00001230                __eewr_byte_m32
                0x00001232                __eewr_r18_m32
                0x0000124a                . = ALIGN (0x2)
 *(.fini9)
 .fini9         0x0000124a        0x0 c:/program files (x86)/atmel/atmel toolchain/avr8 gcc/native/3.4.1061/avr8-gnu-toolchain/bin/../lib/gcc/avr/4.8.1/avr5\libgcc.a(_exit.o)
                0x0000124a                _exit
                0x0000124a                exit
 *(.fini9)
 *(.fini8)
 *(.fini8)
 *(.fini7)
 *(.fini7)
 *(.fini6)
 *(.fini6)
 *(.fini5)
 *(.fini5)
 *(.fini4)
 *(.fini4)
 *(.fini3)
 *(.fini3)
 *(.fini2)
 *(.fini2)
 *(.fini1)
 *(.fini1)
 *(.fini0)
 .fini0         0x0000124a        0x4 c:/program files (x86)/atmel/atmel toolchain/avr8 gcc/native/3.4.1061/avr8-gnu-toolchain/bin/../lib/gcc/avr/4.8.1/avr5\libgcc.a(_exit.o)
 *(.fini0)
                0x0000124e                _etext = .

.data           0x00800060        0x0 load address 0x0000124e
                0x00800060                PROVIDE (__data_start, .)
 *(.data)
 *(.data*)
 *(.rodata)
 *(.rodata*)
 *(.gnu.linkonce.d*)
                0x00800060                . = ALIGN (0x2)
                0x00800060                _edata = .
                0x00800060                PROVIDE (__data_end, .)

.bss            0x00800060      0x1a0
                0x00800060                PROVIDE (__bss_start, .)
 *(.bss)
 *(.bss*)
 .bss.TB_Callback_setBaud
                0x00800060        0x2 inc/Tribus.o
                0x00800060                TB_Callback_setBaud
 .bss.TB_Callback_TX
                0x00800062        0x2 inc/Tribus.o
                0x00800062                TB_Callback_TX
 .bss.uart0_rx_timeout_flag.1610
                0x00800064        0x1 inc/uart_tri_0.o
 .bss.uart0_flags
                0x00800065        0x1 inc/uart_tri_0.o
                0x00800065                uart0_flags
 .bss.uart0_status
                0x00800066        0x1 inc/uart_tri_0.o
                0x00800066                uart0_status
 .bss.uart0_rx_timeout
                0x00800067        0x1 inc/uart_tri_0.o
                0x00800067                uart0_rx_timeout
 .bss.uart0_buf_pac_rx_ptr_e
                0x00800068        0x1 inc/uart_tri_0.o
                0x00800068                uart0_buf_pac_rx_ptr_e
 .bss.uart0_buf_pac_rx_ptr_b
                0x00800069        0x1 inc/uart_tri_0.o
                0x00800069                uart0_buf_pac_rx_ptr_b
 .bss.uart0_buf_pac_tx_ptr_e
                0x0080006a        0x1 inc/uart_tri_0.o
                0x0080006a                uart0_buf_pac_tx_ptr_e
 .bss.uart0_buf_pac_tx_ptr_b
                0x0080006b        0x1 inc/uart_tri_0.o
                0x0080006b                uart0_buf_pac_tx_ptr_b
 .bss.uart0_buf_tx_ptr
                0x0080006c        0x1 inc/uart_tri_0.o
                0x0080006c                uart0_buf_tx_ptr
 .bss.uart0_buf_rx_ptr_e
                0x0080006d        0x1 inc/uart_tri_0.o
                0x0080006d                uart0_buf_rx_ptr_e
 .bss.uart0_buf_rx_ptr_b
                0x0080006e        0x1 inc/uart_tri_0.o
                0x0080006e                uart0_buf_rx_ptr_b
 .bss.led_timer
                0x0080006f        0x1 LIC_CV_01.o
                0x0080006f                led_timer
 .bss.timer0_flag
                0x00800070        0x1 LIC_CV_01.o
                0x00800070                timer0_flag
 *(COMMON)
 COMMON         0x00800071       0x3e inc/Tribus.o
                0x00800071                TB_out
                0x00800072                TB_param
                0x0080008f                TB_Value
                0x00800093                TB_bufOut
                0x0080009c                TB_gbparam
                0x008000a1                TB_inp
                0x008000a2                TB_AddrModule
                0x008000a3                TB_bufIn
                0x008000ac                addr_setting_in_eeprom
                0x008000ae                TB_AddrReply
 COMMON         0x008000af      0x139 inc/uart_tri_0.o
                0x008000af                uart0_buf_tx
                0x008000b8                uart0_buf_pac_rx
                0x00800148                uart0_buf_rx
                0x00800158                uart0_buf_pac_tx
 COMMON         0x008001e8       0x18 LIC_CV_01.o
                0x008001e8                card_tipe
                0x008001ea                str
                0x008001fa                status
                0x008001fb                curr_id
                0x00800200                PROVIDE (__bss_end, .)
                0x0000124e                __data_load_start = LOADADDR (.data)
                0x0000124e                __data_load_end = (__data_load_start + SIZEOF (.data))

.noinit         0x00800200        0x0
                0x00800200                PROVIDE (__noinit_start, .)
 *(.noinit*)
                0x00800200                PROVIDE (__noinit_end, .)
                0x00800200                _end = .
                0x00800200                PROVIDE (__heap_start, .)

.eeprom         0x00810000        0x0
 *(.eeprom*)
                0x00810000                __eeprom_end = .

.fuse
 *(.fuse)
 *(.lfuse)
 *(.hfuse)
 *(.efuse)

.lock
 *(.lock*)

.signature
 *(.signature*)

.user_signatures
 *(.user_signatures*)

.stab
 *(.stab)

.stabstr
 *(.stabstr)

.stab.excl
 *(.stab.excl)

.stab.exclstr
 *(.stab.exclstr)

.stab.index
 *(.stab.index)

.stab.indexstr
 *(.stab.indexstr)

.comment        0x00000000       0x30
 *(.comment)
 .comment       0x00000000       0x30 inc/mfrc522.o
                                 0x31 (size before relaxing)
 .comment       0x00000000       0x31 inc/SPI.o
 .comment       0x00000000       0x31 inc/timer.o
 .comment       0x00000000       0x31 inc/Tribus.o
 .comment       0x00000000       0x31 inc/uart_tri_0.o
 .comment       0x00000000       0x31 LIC_CV_01.o

.note.gnu.build-id
 *(.note.gnu.build-id)

.debug
 *(.debug)

.line
 *(.line)

.debug_srcinfo
 *(.debug_srcinfo)

.debug_sfnames
 *(.debug_sfnames)

.debug_aranges  0x00000000      0x240
 *(.debug_aranges)
 .debug_aranges
                0x00000000       0xa0 inc/mfrc522.o
 .debug_aranges
                0x000000a0       0x38 inc/SPI.o
 .debug_aranges
                0x000000d8       0x20 inc/timer.o
 .debug_aranges
                0x000000f8       0x60 inc/Tribus.o
 .debug_aranges
                0x00000158       0xa0 inc/uart_tri_0.o
 .debug_aranges
                0x000001f8       0x48 LIC_CV_01.o

.debug_pubnames
 *(.debug_pubnames)

.debug_info     0x00000000     0x2771
 *(.debug_info .gnu.linkonce.wi.*)
 .debug_info    0x00000000      0xdba inc/mfrc522.o
 .debug_info    0x00000dba       0xe8 inc/SPI.o
 .debug_info    0x00000ea2       0x8e inc/timer.o
 .debug_info    0x00000f30      0xb9c inc/Tribus.o
 .debug_info    0x00001acc      0x71f inc/uart_tri_0.o
 .debug_info    0x000021eb      0x586 LIC_CV_01.o

.debug_abbrev   0x00000000      0x9a9
 *(.debug_abbrev)
 .debug_abbrev  0x00000000      0x21a inc/mfrc522.o
 .debug_abbrev  0x0000021a       0x96 inc/SPI.o
 .debug_abbrev  0x000002b0       0x51 inc/timer.o
 .debug_abbrev  0x00000301      0x22c inc/Tribus.o
 .debug_abbrev  0x0000052d      0x25d inc/uart_tri_0.o
 .debug_abbrev  0x0000078a      0x21f LIC_CV_01.o

.debug_line     0x00000000      0xd0c
 *(.debug_line .debug_line.* .debug_line_end)
 .debug_line    0x00000000      0x2f7 inc/mfrc522.o
 .debug_line    0x000002f7       0xea inc/SPI.o
 .debug_line    0x000003e1       0xb4 inc/timer.o
 .debug_line    0x00000495      0x42d inc/Tribus.o
 .debug_line    0x000008c2      0x29f inc/uart_tri_0.o
 .debug_line    0x00000b61      0x1ab LIC_CV_01.o

.debug_frame    0x00000000      0x6c4
 *(.debug_frame)
 .debug_frame   0x00000000      0x2c0 inc/mfrc522.o
 .debug_frame   0x000002c0       0x54 inc/SPI.o
 .debug_frame   0x00000314       0x24 inc/timer.o
 .debug_frame   0x00000338       0xf4 inc/Tribus.o
 .debug_frame   0x0000042c      0x1e4 inc/uart_tri_0.o
 .debug_frame   0x00000610       0xb4 LIC_CV_01.o

.debug_str      0x00000000      0x969
 *(.debug_str)
 .debug_str     0x00000000      0x387 inc/mfrc522.o
                                0x3d1 (size before relaxing)
 .debug_str     0x00000387       0x41 inc/SPI.o
                                0x194 (size before relaxing)
 .debug_str     0x000003c8       0x1a inc/timer.o
                                0x15e (size before relaxing)
 .debug_str     0x000003e2      0x226 inc/Tribus.o
                                0x3a2 (size before relaxing)
 .debug_str     0x00000608      0x2db inc/uart_tri_0.o
                                0x43e (size before relaxing)
 .debug_str     0x000008e3       0x86 LIC_CV_01.o
                                0x38c (size before relaxing)

.debug_loc      0x00000000     0x1b13
 *(.debug_loc)
 .debug_loc     0x00000000      0xf15 inc/mfrc522.o
 .debug_loc     0x00000f15       0x1f inc/SPI.o
 .debug_loc     0x00000f34      0x45d inc/Tribus.o
 .debug_loc     0x00001391      0x592 inc/uart_tri_0.o
 .debug_loc     0x00001923      0x1f0 LIC_CV_01.o

.debug_macinfo
 *(.debug_macinfo)

.debug_weaknames
 *(.debug_weaknames)

.debug_funcnames
 *(.debug_funcnames)

.debug_typenames
 *(.debug_typenames)

.debug_varnames
 *(.debug_varnames)

.debug_pubtypes
 *(.debug_pubtypes)

.debug_ranges   0x00000000      0x1e0
 *(.debug_ranges)
 .debug_ranges  0x00000000       0x90 inc/mfrc522.o
 .debug_ranges  0x00000090       0x28 inc/SPI.o
 .debug_ranges  0x000000b8       0x10 inc/timer.o
 .debug_ranges  0x000000c8       0x50 inc/Tribus.o
 .debug_ranges  0x00000118       0x90 inc/uart_tri_0.o
 .debug_ranges  0x000001a8       0x38 LIC_CV_01.o

.debug_macro
 *(.debug_macro)
OUTPUT(LIC_CV_01.elf elf32-avr)
LOAD linker stubs
